C:\Users\infoa\Desktop\AI-Enterprise-OS\services\Project.Service\Controllers\ProjectController.cs(51,58): error CS0104: 'TaskStatus' è un riferimento ambiguo tra 'AIEnterpriseOS.Project.Service.Models.TaskStatus' e 'System.Threading.Tasks.TaskStatus' [C:\Users\infoa\Desktop\AI-Enterprise-OS\services\Project.Service\Project.Service.csproj]
C:\Users\infoa\Desktop\AI-Enterprise-OS\services\Project.Service\Services\InMemoryProjectEngine.cs(13,50): error CS0104: 'TaskStatus' è un riferimento ambiguo tra 'AIEnterpriseOS.Project.Service.Models.TaskStatus' e 'System.Threading.Tasks.TaskStatus' [C:\Users\infoa\Desktop\AI-Enterprise-OS\services\Project.Service\Project.Service.csproj]
C:\Users\infoa\Desktop\AI-Enterprise-OS\services\Project.Service\TimeTracking\TimeTracker.cs(10,27): error CS0246: Il nome di tipo o di spazio dei nomi 'ProjectTask' non è stato trovato. Probabilmente manca una direttiva using o un riferimento all'assembly. [C:\Users\infoa\Desktop\AI-Enterprise-OS\services\Project.Service\Project.Service.csproj]
C:\Users\infoa\Desktop\AI-Enterprise-OS\services\Project.Service\Models\ProjectModels.cs(44,20): error CS0102: Il tipo 'ProjectTask' contiene già una definizione per 'DependsOnTaskId' [C:\Users\infoa\Desktop\AI-Enterprise-OS\services\Project.Service\Project.Service.csproj]
C:\Users\infoa\Desktop\AI-Enterprise-OS\services\Project.Service\Services\InMemoryProjectEngine.cs(47,57): error CS0104: 'TaskStatus' è un riferimento ambiguo tra 'AIEnterpriseOS.Project.Service.Models.TaskStatus' e 'System.Threading.Tasks.TaskStatus' [C:\Users\infoa\Desktop\AI-Enterprise-OS\services\Project.Service\Project.Service.csproj]
C:\Users\infoa\Desktop\AI-Enterprise-OS\services\Project.Service\TimeTracking\TimeTracker.cs(12,37): error CS0246: Il nome di tipo o di spazio dei nomi 'ProjectTask' non è stato trovato. Probabilmente manca una direttiva using o un riferimento all'assembly. [C:\Users\infoa\Desktop\AI-Enterprise-OS\services\Project.Service\Project.Service.csproj]
C:\Users\infoa\Desktop\AI-Enterprise-OS\services\VerticalPack.Service\Services\InMemoryVerticalPackEngine.cs(7,17): error CS0118: 'VerticalPack' è spazio dei nomi ma è usato come tipo [C:\Users\infoa\Desktop\AI-Enterprise-OS\services\VerticalPack.Service\VerticalPack.Service.csproj]
C:\Users\infoa\Desktop\AI-Enterprise-OS\services\VerticalPack.Service\Services\InMemoryVerticalPackEngine.cs(8,5): error CS0118: 'VerticalPack' è spazio dei nomi ma è usato come tipo [C:\Users\infoa\Desktop\AI-Enterprise-OS\services\VerticalPack.Service\VerticalPack.Service.csproj]
C:\Users\infoa\Desktop\AI-Enterprise-OS\services\VerticalPack.Service\Services\InMemoryVerticalPackEngine.cs(35,24): error CS0118: 'VerticalPack' è spazio dei nomi ma è usato come tipo [C:\Users\infoa\Desktop\AI-Enterprise-OS\services\VerticalPack.Service\VerticalPack.Service.csproj]
C:\Users\infoa\Desktop\AI-Enterprise-OS\services\VerticalPack.Service\Services\InMemoryVerticalPackEngine.cs(37,12): error CS0118: 'VerticalPack' è spazio dei nomi ma è usato come tipo [C:\Users\infoa\Desktop\AI-Enterprise-OS\services\VerticalPack.Service\VerticalPack.Service.csproj]
C:\Users\infoa\Desktop\AI-Enterprise-OS\services\VerticalPack.Service\Services\InMemoryVerticalPackEngine.cs(13,27): error CS0118: 'VerticalPack' è spazio dei nomi ma è usato come tipo [C:\Users\infoa\Desktop\AI-Enterprise-OS\services\VerticalPack.Service\VerticalPack.Service.csproj]
C:\Users\infoa\Desktop\AI-Enterprise-OS\services\Manufacturing.Service\Routing\RoutingEngine.cs(7,20): error CS0118: 'Routing' è spazio dei nomi ma è usato come tipo [C:\Users\infoa\Desktop\AI-Enterprise-OS\services\Manufacturing.Service\Manufacturing.Service.csproj]
C:\Users\infoa\Desktop\AI-Enterprise-OS\services\Manufacturing.Service\Routing\RoutingEngine.cs(7,5): error CS0118: 'Routing' è spazio dei nomi ma è usato come tipo [C:\Users\infoa\Desktop\AI-Enterprise-OS\services\Manufacturing.Service\Manufacturing.Service.csproj]
C:\Users\infoa\Desktop\AI-Enterprise-OS\services\Manufacturing.Service\Routing\RoutingEngine.cs(8,5): error CS0118: 'Routing' è spazio dei nomi ma è usato come tipo [C:\Users\infoa\Desktop\AI-Enterprise-OS\services\Manufacturing.Service\Manufacturing.Service.csproj]
C:\Users\infoa\Desktop\AI-Enterprise-OS\services\Manufacturing.Service\Routing\RoutingEngine.cs(15,27): error CS0118: 'Routing' è spazio dei nomi ma è usato come tipo [C:\Users\infoa\Desktop\AI-Enterprise-OS\services\Manufacturing.Service\Manufacturing.Service.csproj]
C:\Users\infoa\Desktop\AI-Enterprise-OS\services\Manufacturing.Service\Routing\RoutingEngine.cs(15,12): error CS0118: 'Routing' è spazio dei nomi ma è usato come tipo [C:\Users\infoa\Desktop\AI-Enterprise-OS\services\Manufacturing.Service\Manufacturing.Service.csproj]
C:\Users\infoa\Desktop\AI-Enterprise-OS\services\Manufacturing.Service\Routing\RoutingEngine.cs(21,12): error CS0118: 'Routing' è spazio dei nomi ma è usato come tipo [C:\Users\infoa\Desktop\AI-Enterprise-OS\services\Manufacturing.Service\Manufacturing.Service.csproj]
C:\Users\infoa\Desktop\AI-Enterprise-OS\services\Manufacturing.Service\Routing\RoutingEngine.cs(13,27): error CS0118: 'Routing' è spazio dei nomi ma è usato come tipo [C:\Users\infoa\Desktop\AI-Enterprise-OS\services\Manufacturing.Service\Manufacturing.Service.csproj]

Compilazione NON RIUSCITA.
    Avvisi: 6
    Errori: 18

Tempo trascorso 00:00:07.57
